C51 COMPILER V8.05a   MAIN                                                                 12/14/2011 00:03:40 PAGE 1   


C51 COMPILER V8.05a, COMPILATION OF MODULE MAIN
OBJECT MODULE PLACED IN main.OBJ
COMPILER INVOKED BY: C:\Keil\C51\BIN\C51.EXE main.c BROWSE DEBUG OBJECTEXTEND

line level    source

   1          #include "dm.h"
   2          
   3          void main()
   4          {
   5   1              unsigned long srcdata = 0x33cc55aa;
   6   1              unsigned long dstdata = 0;
   7   1              unsigned long result = 0;
   8   1      
   9   1              dstdata = EDesEn_Crypt(srcdata);
  10   1              result = dstdata;
  11   1      }


MODULE INFORMATION:   STATIC OVERLAYABLE
   CODE SIZE        =     41    ----
   CONSTANT SIZE    =   ----    ----
   XDATA SIZE       =   ----    ----
   PDATA SIZE       =   ----    ----
   DATA SIZE        =   ----       8
   IDATA SIZE       =   ----    ----
   BIT SIZE         =   ----    ----
END OF MODULE INFORMATION.


C51 COMPILATION COMPLETE.  0 WARNING(S),  0 ERROR(S)
